// Jest Snapshot v1, https://goo.gl/fbAQLP

exports[`mapIdToEmployeeName() Finds Employee by ID 1`] = `"d6ee9507-6a7a-5d89-a92b-e8fc13c0e2f8"`;
